+TREE+++++
++++L+++++
++++E+++++
++++PICKLE
++++H+++E+
++++A+++M+
++++N+++O+
++++T+++N+
++++S+++++
++++++++++